npm : npm warn config ignoring workspace config at C:\Users\amir2\Desktop\realyx\frontend/.npmrc
At line:1 char:1
+ npm test > test_output.txt 2>&1
+ ~~~~~~~~~~~~~~~~~~~~~~~~~~~~~~~
    + CategoryInfo          : NotSpecified: (npm warn config...frontend/.npmrc:String) [], RemoteException
    + FullyQualifiedErrorId : NativeCommandError
 

> realyx-frontend@1.0.0 test
> vitest run


[1m[46m RUN [49m[22m [36mv4.1.3 [39m[90mC:/Users/amir2/Desktop/realyx/frontend[39m

TypeError: () => {
		const mock = {
			onopen: null,
			onmessage: null,
			onclose: null,
			onerror: null,
			send: __vi...<omitted>...	} is not a constructor
    at new Mock (file:///C:/Users/amir2/Desktop/realyx/node_modules/@vitest/spy/dist/index.js:309:27)
    at C:/Users/amir2/Desktop/realyx/frontend/src/components/OrderNotifications.tsx:61:27
    at commitHookEffectListMount 
(C:\Users\amir2\Desktop\realyx\node_modules\react-dom\cjs\react-dom.development.js:23189:26)
    at commitPassiveMountOnFiber 
(C:\Users\amir2\Desktop\realyx\node_modules\react-dom\cjs\react-dom.development.js:24970:11)
    at commitPassiveMountEffects_complete 
(C:\Users\amir2\Desktop\realyx\node_modules\react-dom\cjs\react-dom.development.js:24930:9)
    at commitPassiveMountEffects_begin 
(C:\Users\amir2\Desktop\realyx\node_modules\react-dom\cjs\react-dom.development.js:24917:7)
    at commitPassiveMountEffects 
(C:\Users\amir2\Desktop\realyx\node_modules\react-dom\cjs\react-dom.development.js:24905:3)
    at flushPassiveEffectsImpl 
(C:\Users\amir2\Desktop\realyx\node_modules\react-dom\cjs\react-dom.development.js:27078:3)
    at flushPassiveEffects (C:\Users\amir2\Desktop\realyx\node_modules\react-dom\cjs\react-dom.development.js:27023:14)
    at C:\Users\amir2\Desktop\realyx\node_modules\react-dom\cjs\react-dom.development.js:26808:9
[90mstderr[2m | src/components/__tests__/OrderNotifications.test.tsx[2m > [22m[2mOrderNotifications[2m > 
[22m[2mconnects to websocket and handles notifications
[22m[39m[vitest] The vi.fn() mock did not use 'function' or 'class' in its implementation, see 
https://vitest.dev/api/vi#vi-spyon for examples.
The above error occurred in the <NotificationBell> component:

    at NotificationBell (C:/Users/amir2/Desktop/realyx/frontend/src/components/OrderNotifications.tsx:242:29)

Consider adding an error boundary to your tree to customize error handling behavior.
Visit https://reactjs.org/link/error-boundaries to learn more about error boundaries.

TypeError: () => {
		const mock = {
			onopen: null,
			onmessage: null,
			onclose: null,
			onerror: null,
			send: __vi...<omitted>...	} is not a constructor
    at new Mock (file:///C:/Users/amir2/Desktop/realyx/node_modules/@vitest/spy/dist/index.js:309:27)
    at C:/Users/amir2/Desktop/realyx/frontend/src/components/OrderNotifications.tsx:61:27
    at commitHookEffectListMount 
(C:\Users\amir2\Desktop\realyx\node_modules\react-dom\cjs\react-dom.development.js:23189:26)
    at commitPassiveMountOnFiber 
(C:\Users\amir2\Desktop\realyx\node_modules\react-dom\cjs\react-dom.development.js:24970:11)
    at commitPassiveMountEffects_complete 
(C:\Users\amir2\Desktop\realyx\node_modules\react-dom\cjs\react-dom.development.js:24930:9)
    at commitPassiveMountEffects_begin 
(C:\Users\amir2\Desktop\realyx\node_modules\react-dom\cjs\react-dom.development.js:24917:7)
    at commitPassiveMountEffects 
(C:\Users\amir2\Desktop\realyx\node_modules\react-dom\cjs\react-dom.development.js:24905:3)
    at flushPassiveEffectsImpl 
(C:\Users\amir2\Desktop\realyx\node_modules\react-dom\cjs\react-dom.development.js:27078:3)
    at flushPassiveEffects (C:\Users\amir2\Desktop\realyx\node_modules\react-dom\cjs\react-dom.development.js:27023:14)
    at C:\Users\amir2\Desktop\realyx\node_modules\react-dom\cjs\react-dom.development.js:26808:9
[90mstderr[2m | src/components/__tests__/OrderNotifications.test.tsx[2m > [22m[2mOrderNotifications[2m > 
[22m[2mhandles different notification types
[22m[39m[vitest] The vi.fn() mock did not use 'function' or 'class' in its implementation, see 
https://vitest.dev/api/vi#vi-spyon for examples.
The above error occurred in the <NotificationBell> component:

    at NotificationBell (C:/Users/amir2/Desktop/realyx/frontend/src/components/OrderNotifications.tsx:242:29)

Consider adding an error boundary to your tree to customize error handling behavior.
Visit https://reactjs.org/link/error-boundaries to learn more about error boundaries.

TypeError: () => {
		const mock = {
			onopen: null,
			onmessage: null,
			onclose: null,
			onerror: null,
			send: __vi...<omitted>...	} is not a constructor
    at new Mock (file:///C:/Users/amir2/Desktop/realyx/node_modules/@vitest/spy/dist/index.js:309:27)
    at C:/Users/amir2/Desktop/realyx/frontend/src/components/OrderNotifications.tsx:61:27
    at commitHookEffectListMount 
(C:\Users\amir2\Desktop\realyx\node_modules\react-dom\cjs\react-dom.development.js:23189:26)
    at commitPassiveMountOnFiber 
(C:\Users\amir2\Desktop\realyx\node_modules\react-dom\cjs\react-dom.development.js:24970:11)
    at commitPassiveMountEffects_complete 
(C:\Users\amir2\Desktop\realyx\node_modules\react-dom\cjs\react-dom.development.js:24930:9)
    at commitPassiveMountEffects_begin 
(C:\Users\amir2\Desktop\realyx\node_modules\react-dom\cjs\react-dom.development.js:24917:7)
    at commitPassiveMountEffects 
(C:\Users\amir2\Desktop\realyx\node_modules\react-dom\cjs\react-dom.development.js:24905:3)
    at flushPassiveEffectsImpl 
(C:\Users\amir2\Desktop\realyx\node_modules\react-dom\cjs\react-dom.development.js:27078:3)
    at flushPassiveEffects (C:\Users\amir2\Desktop\realyx\node_modules\react-dom\cjs\react-dom.development.js:27023:14)
    at C:\Users\amir2\Desktop\realyx\node_modules\react-dom\cjs\react-dom.development.js:26808:9
TypeError: () => {
		const mock = {
			onopen: null,
			onmessage: null,
			onclose: null,
			onerror: null,
			send: __vi...<omitted>...	} is not a constructor
    at new Mock (file:///C:/Users/amir2/Desktop/realyx/node_modules/@vitest/spy/dist/index.js:309:27)
    at C:/Users/amir2/Desktop/realyx/frontend/src/components/OrderNotifications.tsx:61:27
    at commitHookEffectListMount 
(C:\Users\amir2\Desktop\realyx\node_modules\react-dom\cjs\react-dom.development.js:23189:26)
    at commitPassiveMountOnFiber 
(C:\Users\amir2\Desktop\realyx\node_modules\react-dom\cjs\react-dom.development.js:24970:11)
    at commitPassiveMountEffects_complete 
(C:\Users\amir2\Desktop\realyx\node_modules\react-dom\cjs\react-dom.development.js:24930:9)
    at commitPassiveMountEffects_begin 
(C:\Users\amir2\Desktop\realyx\node_modules\react-dom\cjs\react-dom.development.js:24917:7)
    at commitPassiveMountEffects 
(C:\Users\amir2\Desktop\realyx\node_modules\react-dom\cjs\react-dom.development.js:24905:3)
    at flushPassiveEffectsImpl 
(C:\Users\amir2\Desktop\realyx\node_modules\react-dom\cjs\react-dom.development.js:27078:3)
    at flushPassiveEffects (C:\Users\amir2\Desktop\realyx\node_modules\react-dom\cjs\react-dom.development.js:27023:14)
    at C:\Users\amir2\Desktop\realyx\node_modules\react-dom\cjs\react-dom.development.js:26808:9
TypeError: () => {
		const mock = {
			onopen: null,
			onmessage: null,
			onclose: null,
			onerror: null,
			send: __vi...<omitted>...	} is not a constructor
    at new Mock (file:///C:/Users/amir2/Desktop/realyx/node_modules/@vitest/spy/dist/index.js:309:27)
    at C:/Users/amir2/Desktop/realyx/frontend/src/components/OrderNotifications.tsx:61:27
    at commitHookEffectListMount 
(C:\Users\amir2\Desktop\realyx\node_modules\react-dom\cjs\react-dom.development.js:23189:26)
    at commitPassiveMountOnFiber 
(C:\Users\amir2\Desktop\realyx\node_modules\react-dom\cjs\react-dom.development.js:24970:11)
    at commitPassiveMountEffects_complete 
(C:\Users\amir2\Desktop\realyx\node_modules\react-dom\cjs\react-dom.development.js:24930:9)
    at commitPassiveMountEffects_begin 
(C:\Users\amir2\Desktop\realyx\node_modules\react-dom\cjs\react-dom.development.js:24917:7)
    at commitPassiveMountEffects 
(C:\Users\amir2\Desktop\realyx\node_modules\react-dom\cjs\react-dom.development.js:24905:3)
    at flushPassiveEffectsImpl 
(C:\Users\amir2\Desktop\realyx\node_modules\react-dom\cjs\react-dom.development.js:27078:3)
    at flushPassiveEffects (C:\Users\amir2\Desktop\realyx\node_modules\react-dom\cjs\react-dom.development.js:27023:14)
    at C:\Users\amir2\Desktop\realyx\node_modules\react-dom\cjs\react-dom.development.js:26808:9
[90mstderr[2m | src/components/__tests__/OrderNotifications.test.tsx[2m > [22m[2mOrderNotifications[2m > 
[22m[2mtoggles the notification dropdown and interacts with it
[22m[39m[vitest] The vi.fn() mock did not use 'function' or 'class' in its implementation, see 
https://vitest.dev/api/vi#vi-spyon for examples.
The above error occurred in the <NotificationBell> component:

    at NotificationBell (C:/Users/amir2/Desktop/realyx/frontend/src/components/OrderNotifications.tsx:242:29)

Consider adding an error boundary to your tree to customize error handling behavior.
Visit https://reactjs.org/link/error-boundaries to learn more about error boundaries.

[90mstderr[2m | src/components/__tests__/OrderNotifications.test.tsx[2m > [22m[2mOrderNotifications[2m > 
[22m[2mhandles sound toggle and playing sound
[22m[39m[vitest] The vi.fn() mock did not use 'function' or 'class' in its implementation, see 
https://vitest.dev/api/vi#vi-spyon for examples.
The above error occurred in the <TestComponent> component:

    at TestComponent (C:\Users\amir2\Desktop\realyx\node_modules\@testing-library\react\dist\pure.js:328:5)

Consider adding an error boundary to your tree to customize error handling behavior.
Visit https://reactjs.org/link/error-boundaries to learn more about error boundaries.

[90mstderr[2m | src/components/__tests__/OrderNotifications.test.tsx[2m > [22m[2mOrderNotifications[2m > 
[22m[2mhandles WebSocket error and close
[22m[39m[vitest] The vi.fn() mock did not use 'function' or 'class' in its implementation, see 
https://vitest.dev/api/vi#vi-spyon for examples.

 [31mΓ¥»[39m src/components/__tests__/OrderNotifications.test.tsx [2m([22m[2m5 tests[22m[2m | [22m[31m5 failed[39m[2m)[22m[32m 181[2mms[22m[39m
[31m     [31m├ù[31m connects to websocket and handles notifications[39m[32m 73[2mms[22m[39m
[31m     [31m├ù[31m handles different notification types[39m[32m 25[2mms[22m[39m
[31m     [31m├ù[31m toggles the notification dropdown and interacts with it[39m[32m 29[2mms[22m[39m
[31m     [31m├ù[31m handles sound toggle and playing sound[39m[32m 15[2mms[22m[39m
[31m     [31m├ù[31m handles WebSocket error and close[39m[32m 32[2mms[22m[39m
[90mstderr[2m | src/components/trading/__tests__/TradingModals.test.tsx[2m > [22m[2mTrading Modals[2m > 
[22m[2mCollateralEditModal[2m > [22m[2mswitches between deposit and withdraw modes
[22m[39mWarning: An update to Ie inside a test was not wrapped in act(...).

When testing, code that causes React state updates should be wrapped into act(...):

act(() => {
  /* fire events that update state */
});
/* assert on the output */

This ensures that you're testing the behavior the user would see in the browser. Learn more at 
https://reactjs.org/link/wrap-tests-with-act
    at Ie 
(file:///C:/Users/amir2/Desktop/realyx/node_modules/@headlessui/react/dist/components/transition/transition.js:1:4711)
    at j (file:///C:/Users/amir2/Desktop/realyx/node_modules/@headlessui/react/dist/hooks/use-root-containers.js:1:946)
    at $e 
(file:///C:/Users/amir2/Desktop/realyx/node_modules/@headlessui/react/dist/components/dialog/dialog.js:1:4752)
    at CollateralEditModal 
(C:/Users/amir2/Desktop/realyx/frontend/src/components/trading/CollateralEditModal.tsx:24:32)

[90mstderr[2m | src/components/trading/__tests__/TradingModals.test.tsx[2m > [22m[2mTrading Modals[2m > 
[22m[2mCollateralEditModal[2m > [22m[2mswitches between deposit and withdraw modes
[22m[39mWarning: An update to Fe inside a test was not wrapped in act(...).

When testing, code that causes React state updates should be wrapped into act(...):

act(() => {
  /* fire events that update state */
});
/* assert on the output */

This ensures that you're testing the behavior the user would see in the browser. Learn more at 
https://reactjs.org/link/wrap-tests-with-act
    at Fe 
(file:///C:/Users/amir2/Desktop/realyx/node_modules/@headlessui/react/dist/components/transition/transition.js:1:3021)
    at Le 
(file:///C:/Users/amir2/Desktop/realyx/node_modules/@headlessui/react/dist/components/transition/transition.js:1:5682)
    at Ke 
(file:///C:/Users/amir2/Desktop/realyx/node_modules/@headlessui/react/dist/components/dialog/dialog.js:1:6097)
    at div
    at C (file:///C:/Users/amir2/Desktop/realyx/node_modules/@headlessui/react/dist/internal/close-provider.js:1:130)
    at div
    at w 
(file:///C:/Users/amir2/Desktop/realyx/node_modules/@headlessui/react/dist/components/focus-trap/focus-trap.js:1:1654)
    at file:///C:/Users/amir2/Desktop/realyx/node_modules/@headlessui/react/dist/components/portal/portal.js:1:2330
    at 
file:///C:/Users/amir2/Desktop/realyx/node_modules/@headlessui/react/dist/components/description/description.js:1:929
    at l 
(file:///C:/Users/amir2/Desktop/realyx/node_modules/@headlessui/react/dist/internal/portal-force-root.js:1:152)
    at X (file:///C:/Users/amir2/Desktop/realyx/node_modules/@headlessui/react/dist/components/portal/portal.js:1:1917)
    at div
    at file:///C:/Users/amir2/Desktop/realyx/node_modules/@headlessui/react/dist/components/portal/portal.js:1:1276
    at D (file:///C:/Users/amir2/Desktop/realyx/node_modules/@headlessui/react/dist/components/portal/portal.js:1:1696)
    at l 
(file:///C:/Users/amir2/Desktop/realyx/node_modules/@headlessui/react/dist/internal/portal-force-root.js:1:152)
    at s (file:///C:/Users/amir2/Desktop/realyx/node_modules/@headlessui/react/dist/internal/open-closed.js:1:346)
    at file:///C:/Users/amir2/Desktop/realyx/node_modules/@headlessui/react/dist/components/dialog/dialog.js:1:2409
    at c (file:///C:/Users/amir2/Desktop/realyx/node_modules/@headlessui/react/dist/internal/open-closed.js:1:263)
    at Fe 
(file:///C:/Users/amir2/Desktop/realyx/node_modules/@headlessui/react/dist/components/transition/transition.js:1:3021)
    at Ie 
(file:///C:/Users/amir2/Desktop/realyx/node_modules/@headlessui/react/dist/components/transition/transition.js:1:4711)
    at j (file:///C:/Users/amir2/Desktop/realyx/node_modules/@headlessui/react/dist/hooks/use-root-containers.js:1:946)
    at $e 
(file:///C:/Users/amir2/Desktop/realyx/node_modules/@headlessui/react/dist/components/dialog/dialog.js:1:4752)
    at CollateralEditModal 
(C:/Users/amir2/Desktop/realyx/frontend/src/components/trading/CollateralEditModal.tsx:24:32)
Warning: An update to Fe inside a test was not wrapped in act(...).

When testing, code that causes React state updates should be wrapped into act(...):

act(() => {
  /* fire events that update state */
});
/* assert on the output */

This ensures that you're testing the behavior the user would see in the browser. Learn more at 
https://reactjs.org/link/wrap-tests-with-act
    at Fe 
(file:///C:/Users/amir2/Desktop/realyx/node_modules/@headlessui/react/dist/components/transition/transition.js:1:3021)
    at Le 
(file:///C:/Users/amir2/Desktop/realyx/node_modules/@headlessui/react/dist/components/transition/transition.js:1:5682)
    at Ke 
(file:///C:/Users/amir2/Desktop/realyx/node_modules/@headlessui/react/dist/components/dialog/dialog.js:1:6097)
    at div
    at C (file:///C:/Users/amir2/Desktop/realyx/node_modules/@headlessui/react/dist/internal/close-provider.js:1:130)
    at div
    at w 
(file:///C:/Users/amir2/Desktop/realyx/node_modules/@headlessui/react/dist/components/focus-trap/focus-trap.js:1:1654)
    at file:///C:/Users/amir2/Desktop/realyx/node_modules/@headlessui/react/dist/components/portal/portal.js:1:2330
    at 
file:///C:/Users/amir2/Desktop/realyx/node_modules/@headlessui/react/dist/components/description/description.js:1:929
    at l 
(file:///C:/Users/amir2/Desktop/realyx/node_modules/@headlessui/react/dist/internal/portal-force-root.js:1:152)
    at X (file:///C:/Users/amir2/Desktop/realyx/node_modules/@headlessui/react/dist/components/portal/portal.js:1:1917)
    at div
    at file:///C:/Users/amir2/Desktop/realyx/node_modules/@headlessui/react/dist/components/portal/portal.js:1:1276
    at D (file:///C:/Users/amir2/Desktop/realyx/node_modules/@headlessui/react/dist/components/portal/portal.js:1:1696)
    at l 
(file:///C:/Users/amir2/Desktop/realyx/node_modules/@headlessui/react/dist/internal/portal-force-root.js:1:152)
    at s (file:///C:/Users/amir2/Desktop/realyx/node_modules/@headlessui/react/dist/internal/open-closed.js:1:346)
    at file:///C:/Users/amir2/Desktop/realyx/node_modules/@headlessui/react/dist/components/dialog/dialog.js:1:2409
    at c (file:///C:/Users/amir2/Desktop/realyx/node_modules/@headlessui/react/dist/internal/open-closed.js:1:263)
    at Fe 
(file:///C:/Users/amir2/Desktop/realyx/node_modules/@headlessui/react/dist/components/transition/transition.js:1:3021)
    at Ie 
(file:///C:/Users/amir2/Desktop/realyx/node_modules/@headlessui/react/dist/components/transition/transition.js:1:4711)
    at j (file:///C:/Users/amir2/Desktop/realyx/node_modules/@headlessui/react/dist/hooks/use-root-containers.js:1:946)
    at $e 
(file:///C:/Users/amir2/Desktop/realyx/node_modules/@headlessui/react/dist/components/dialog/dialog.js:1:4752)
    at CollateralEditModal 
(C:/Users/amir2/Desktop/realyx/frontend/src/components/trading/CollateralEditModal.tsx:24:32)
Warning: An update to Fe inside a test was not wrapped in act(...).

When testing, code that causes React state updates should be wrapped into act(...):

act(() => {
  /* fire events that update state */
});
/* assert on the output */

This ensures that you're testing the behavior the user would see in the browser. Learn more at 
https://reactjs.org/link/wrap-tests-with-act
    at Fe 
(file:///C:/Users/amir2/Desktop/realyx/node_modules/@headlessui/react/dist/components/transition/transition.js:1:3021)
    at Le 
(file:///C:/Users/amir2/Desktop/realyx/node_modules/@headlessui/react/dist/components/transition/transition.js:1:5682)
    at Ke 
(file:///C:/Users/amir2/Desktop/realyx/node_modules/@headlessui/react/dist/components/dialog/dialog.js:1:6097)
    at div
    at C (file:///C:/Users/amir2/Desktop/realyx/node_modules/@headlessui/react/dist/internal/close-provider.js:1:130)
    at div
    at w 
(file:///C:/Users/amir2/Desktop/realyx/node_modules/@headlessui/react/dist/components/focus-trap/focus-trap.js:1:1654)
    at file:///C:/Users/amir2/Desktop/realyx/node_modules/@headlessui/react/dist/components/portal/portal.js:1:2330
    at 
file:///C:/Users/amir2/Desktop/realyx/node_modules/@headlessui/react/dist/components/description/description.js:1:929
    at l 
(file:///C:/Users/amir2/Desktop/realyx/node_modules/@headlessui/react/dist/internal/portal-force-root.js:1:152)
    at X (file:///C:/Users/amir2/Desktop/realyx/node_modules/@headlessui/react/dist/components/portal/portal.js:1:1917)
    at div
    at file:///C:/Users/amir2/Desktop/realyx/node_modules/@headlessui/react/dist/components/portal/portal.js:1:1276
    at D (file:///C:/Users/amir2/Desktop/realyx/node_modules/@headlessui/react/dist/components/portal/portal.js:1:1696)
    at l 
(file:///C:/Users/amir2/Desktop/realyx/node_modules/@headlessui/react/dist/internal/portal-force-root.js:1:152)
    at s (file:///C:/Users/amir2/Desktop/realyx/node_modules/@headlessui/react/dist/internal/open-closed.js:1:346)
    at file:///C:/Users/amir2/Desktop/realyx/node_modules/@headlessui/react/dist/components/dialog/dialog.js:1:2409
    at c (file:///C:/Users/amir2/Desktop/realyx/node_modules/@headlessui/react/dist/internal/open-closed.js:1:263)
    at Fe 
(file:///C:/Users/amir2/Desktop/realyx/node_modules/@headlessui/react/dist/components/transition/transition.js:1:3021)
    at Ie 
(file:///C:/Users/amir2/Desktop/realyx/node_modules/@headlessui/react/dist/components/transition/transition.js:1:4711)
    at j (file:///C:/Users/amir2/Desktop/realyx/node_modules/@headlessui/react/dist/hooks/use-root-containers.js:1:946)
    at $e 
(file:///C:/Users/amir2/Desktop/realyx/node_modules/@headlessui/react/dist/components/dialog/dialog.js:1:4752)
    at CollateralEditModal 
(C:/Users/amir2/Desktop/realyx/frontend/src/components/trading/CollateralEditModal.tsx:24:32)
Warning: An update to Fe inside a test was not wrapped in act(...).

When testing, code that causes React state updates should be wrapped into act(...):

act(() => {
  /* fire events that update state */
});
/* assert on the output */

This ensures that you're testing the behavior the user would see in the browser. Learn more at 
https://reactjs.org/link/wrap-tests-with-act
    at Fe 
(file:///C:/Users/amir2/Desktop/realyx/node_modules/@headlessui/react/dist/components/transition/transition.js:1:3021)
    at Le 
(file:///C:/Users/amir2/Desktop/realyx/node_modules/@headlessui/react/dist/components/transition/transition.js:1:5682)
    at Ye 
(file:///C:/Users/amir2/Desktop/realyx/node_modules/@headlessui/react/dist/components/dialog/dialog.js:1:5712)
    at div
    at div
    at C (file:///C:/Users/amir2/Desktop/realyx/node_modules/@headlessui/react/dist/internal/close-provider.js:1:130)
    at div
    at w 
(file:///C:/Users/amir2/Desktop/realyx/node_modules/@headlessui/react/dist/components/focus-trap/focus-trap.js:1:1654)
    at file:///C:/Users/amir2/Desktop/realyx/node_modules/@headlessui/react/dist/components/portal/portal.js:1:2330
    at 
file:///C:/Users/amir2/Desktop/realyx/node_modules/@headlessui/react/dist/components/description/description.js:1:929
    at l 
(file:///C:/Users/amir2/Desktop/realyx/node_modules/@headlessui/react/dist/internal/portal-force-root.js:1:152)
    at X (file:///C:/Users/amir2/Desktop/realyx/node_modules/@headlessui/react/dist/components/portal/portal.js:1:1917)
    at div
    at file:///C:/Users/amir2/Desktop/realyx/node_modules/@headlessui/react/dist/components/portal/portal.js:1:1276
    at D (file:///C:/Users/amir2/Desktop/realyx/node_modules/@headlessui/react/dist/components/portal/portal.js:1:1696)
    at l 
(file:///C:/Users/amir2/Desktop/realyx/node_modules/@headlessui/react/dist/internal/portal-force-root.js:1:152)
    at s (file:///C:/Users/amir2/Desktop/realyx/node_modules/@headlessui/react/dist/internal/open-closed.js:1:346)
    at file:///C:/Users/amir2/Desktop/realyx/node_modules/@headlessui/react/dist/components/dialog/dialog.js:1:2409
    at c (file:///C:/Users/amir2/Desktop/realyx/node_modules/@headlessui/react/dist/internal/open-closed.js:1:263)
    at Fe 
(file:///C:/Users/amir2/Desktop/realyx/node_modules/@headlessui/react/dist/components/transition/transition.js:1:3021)
    at Ie 
(file:///C:/Users/amir2/Desktop/realyx/node_modules/@headlessui/react/dist/components/transition/transition.js:1:4711)
    at j (file:///C:/Users/amir2/Desktop/realyx/node_modules/@headlessui/react/dist/hooks/use-root-containers.js:1:946)
    at $e 
(file:///C:/Users/amir2/Desktop/realyx/node_modules/@headlessui/react/dist/components/dialog/dialog.js:1:4752)
    at CollateralEditModal 
(C:/Users/amir2/Desktop/realyx/frontend/src/components/trading/CollateralEditModal.tsx:24:32)
Warning: An update to Fe inside a test was not wrapped in act(...).

When testing, code that causes React state updates should be wrapped into act(...):

act(() => {
  /* fire events that update state */
});
/* assert on the output */

This ensures that you're testing the behavior the user would see in the browser. Learn more at 
https://reactjs.org/link/wrap-tests-with-act
    at Fe 
(file:///C:/Users/amir2/Desktop/realyx/node_modules/@headlessui/react/dist/components/transition/transition.js:1:3021)
    at Le 
(file:///C:/Users/amir2/Desktop/realyx/node_modules/@headlessui/react/dist/components/transition/transition.js:1:5682)
    at Ye 
(file:///C:/Users/amir2/Desktop/realyx/node_modules/@headlessui/react/dist/components/dialog/dialog.js:1:5712)
    at div
    at div
    at C (file:///C:/Users/amir2/Desktop/realyx/node_modules/@headlessui/react/dist/internal/close-provider.js:1:130)
    at div
    at w 
(file:///C:/Users/amir2/Desktop/realyx/node_modules/@headlessui/react/dist/components/focus-trap/focus-trap.js:1:1654)
    at file:///C:/Users/amir2/Desktop/realyx/node_modules/@headlessui/react/dist/components/portal/portal.js:1:2330
    at 
file:///C:/Users/amir2/Desktop/realyx/node_modules/@headlessui/react/dist/components/description/description.js:1:929
    at l 
(file:///C:/Users/amir2/Desktop/realyx/node_modules/@headlessui/react/dist/internal/portal-force-root.js:1:152)
    at X (file:///C:/Users/amir2/Desktop/realyx/node_modules/@headlessui/react/dist/components/portal/portal.js:1:1917)
    at div
    at file:///C:/Users/amir2/Desktop/realyx/node_modules/@headlessui/react/dist/components/portal/portal.js:1:1276
    at D (file:///C:/Users/amir2/Desktop/realyx/node_modules/@headlessui/react/dist/components/portal/portal.js:1:1696)
    at l 
(file:///C:/Users/amir2/Desktop/realyx/node_modules/@headlessui/react/dist/internal/portal-force-root.js:1:152)
    at s (file:///C:/Users/amir2/Desktop/realyx/node_modules/@headlessui/react/dist/internal/open-closed.js:1:346)
    at file:///C:/Users/amir2/Desktop/realyx/node_modules/@headlessui/react/dist/components/dialog/dialog.js:1:2409
    at c (file:///C:/Users/amir2/Desktop/realyx/node_modules/@headlessui/react/dist/internal/open-closed.js:1:263)
    at Fe 
(file:///C:/Users/amir2/Desktop/realyx/node_modules/@headlessui/react/dist/components/transition/transition.js:1:3021)
    at Ie 
(file:///C:/Users/amir2/Desktop/realyx/node_modules/@headlessui/react/dist/components/transition/transition.js:1:4711)
    at j (file:///C:/Users/amir2/Desktop/realyx/node_modules/@headlessui/react/dist/hooks/use-root-containers.js:1:946)
    at $e 
(file:///C:/Users/amir2/Desktop/realyx/node_modules/@headlessui/react/dist/components/dialog/dialog.js:1:4752)
    at CollateralEditModal 
(C:/Users/amir2/Desktop/realyx/frontend/src/components/trading/CollateralEditModal.tsx:24:32)
Warning: An update to Fe inside a test was not wrapped in act(...).

When testing, code that causes React state updates should be wrapped into act(...):

act(() => {
  /* fire events that update state */
});
/* assert on the output */

This ensures that you're testing the behavior the user would see in the browser. Learn more at 
https://reactjs.org/link/wrap-tests-with-act
    at Fe 
(file:///C:/Users/amir2/Desktop/realyx/node_modules/@headlessui/react/dist/components/transition/transition.js:1:3021)
    at Le 
(file:///C:/Users/amir2/Desktop/realyx/node_modules/@headlessui/react/dist/components/transition/transition.js:1:5682)
    at Ye 
(file:///C:/Users/amir2/Desktop/realyx/node_modules/@headlessui/react/dist/components/dialog/dialog.js:1:5712)
    at div
    at div
    at C (file:///C:/Users/amir2/Desktop/realyx/node_modules/@headlessui/react/dist/internal/close-provider.js:1:130)
    at div
    at w 
(file:///C:/Users/amir2/Desktop/realyx/node_modules/@headlessui/react/dist/components/focus-trap/focus-trap.js:1:1654)
    at file:///C:/Users/amir2/Desktop/realyx/node_modules/@headlessui/react/dist/components/portal/portal.js:1:2330
    at 
file:///C:/Users/amir2/Desktop/realyx/node_modules/@headlessui/react/dist/components/description/description.js:1:929
    at l 
(file:///C:/Users/amir2/Desktop/realyx/node_modules/@headlessui/react/dist/internal/portal-force-root.js:1:152)
    at X (file:///C:/Users/amir2/Desktop/realyx/node_modules/@headlessui/react/dist/components/portal/portal.js:1:1917)
    at div
    at file:///C:/Users/amir2/Desktop/realyx/node_modules/@headlessui/react/dist/components/portal/portal.js:1:1276
    at D (file:///C:/Users/amir2/Desktop/realyx/node_modules/@headlessui/react/dist/components/portal/portal.js:1:1696)
    at l 
(file:///C:/Users/amir2/Desktop/realyx/node_modules/@headlessui/react/dist/internal/portal-force-root.js:1:152)
    at s (file:///C:/Users/amir2/Desktop/realyx/node_modules/@headlessui/react/dist/internal/open-closed.js:1:346)
    at file:///C:/Users/amir2/Desktop/realyx/node_modules/@headlessui/react/dist/components/dialog/dialog.js:1:2409
    at c (file:///C:/Users/amir2/Desktop/realyx/node_modules/@headlessui/react/dist/internal/open-closed.js:1:263)
    at Fe 
(file:///C:/Users/amir2/Desktop/realyx/node_modules/@headlessui/react/dist/components/transition/transition.js:1:3021)
    at Ie 
(file:///C:/Users/amir2/Desktop/realyx/node_modules/@headlessui/react/dist/components/transition/transition.js:1:4711)
    at j (file:///C:/Users/amir2/Desktop/realyx/node_modules/@headlessui/react/dist/hooks/use-root-containers.js:1:946)
    at $e 
(file:///C:/Users/amir2/Desktop/realyx/node_modules/@headlessui/react/dist/components/dialog/dialog.js:1:4752)
    at CollateralEditModal 
(C:/Users/amir2/Desktop/realyx/frontend/src/components/trading/CollateralEditModal.tsx:24:32)

