

  Comprehensive Coverage - Core Contracts
    DividendManager Coverage
Mocking USDC...
MockUSDC deployed at: 0x5FbDB2315678afecb367f032d93F642f64180aa3
Searching for MockPyth factory...
Deploying MockPyth...
MockPyth deployed at: 0xe7f1725E7734CE288F8367e1Bb143E90bb3F0512
Deploying MarketCalendar...
      1) should exercise all branches in settleDividends and getUnsettledDividends
    OracleAggregator Coverage
Mocking USDC...
MockUSDC deployed at: 0x809d550fca64d94Bd9F66E60752A544199cfAC3D
Searching for MockPyth factory...
Deploying MockPyth...
MockPyth deployed at: 0x4c5859f0F772848b2D91F1D83E2Fe57935348029
Deploying MarketCalendar...
      Γ£ö should exercise _normalizePythPrice division and _recordPrice
    PositionToken Coverage
Mocking USDC...
MockUSDC deployed at: 0x5c74c94173F05dA1720953407cbb920F3DF9f887
Searching for MockPyth factory...
Deploying MockPyth...
MockPyth deployed at: 0x720472c8ce72c2A2D711333e064ABD3E6BbEAdd3
Deploying MarketCalendar...
      2) should exercise metadata and unauthorized mint
    TradingCore Coverage
Mocking USDC...
MockUSDC deployed at: 0xfcDB4564c18A9134002b9771816092C9693622e3
Searching for MockPyth factory...
Deploying MockPyth...
MockPyth deployed at: 0x927b167526bAbB9be047421db732C663a0b77B11
Deploying MarketCalendar...
      3) should exercise setParams, cleanupPositions and resolveFailedRepayment


  1 passing (2s)
  3 failing

  1) Comprehensive Coverage - Core Contracts
       DividendManager Coverage
         should exercise all branches in settleDividends and getUnsettledDividends:
     Error: VM Exception while processing transaction: reverted with custom error 'DividendTooLarge()'
    at DividendManager.distributeDividend (contracts/core/DividendManager.sol:55)
    at EdrProviderWrapper.request (node_modules\hardhat\src\internal\hardhat-network\provider\provider.ts:453:41)
    at async HardhatEthersSigner.sendTransaction (node_modules\@nomicfoundation\hardhat-ethers\src\signers.ts:185:18)
    at async send (node_modules\ethers\src.ts\contract\contract.ts:313:20)
    at async Proxy.distributeDividend (node_modules\ethers\src.ts\contract\contract.ts:352:16)
    at async Context.<anonymous> (test\ComprehensiveCoverage.test.ts:33:13)
  

  2) Comprehensive Coverage - Core Contracts
       PositionToken Coverage
         should exercise metadata and unauthorized mint:

      AssertionError: expected 'RWA' to equal 'Realyx Position NFT'
      + expected - actual

      -RWA
      +Realyx Position NFT
      
      at Context.<anonymous> (test\ComprehensiveCoverage.test.ts:73:55)

  3) Comprehensive Coverage - Core Contracts
       TradingCore Coverage
         should exercise setParams, cleanupPositions and resolveFailedRepayment:
     TypeError: overflow (argument="value", value=800000000000000000, code=INVALID_ARGUMENT, version=6.16.0)
      at makeError (node_modules\ethers\src.ts\utils\errors.ts:691:21)
      at assert (node_modules\ethers\src.ts\utils\errors.ts:719:25)
      at assertArgument (node_modules\ethers\src.ts\utils\errors.ts:731:5)
      at getBigInt (node_modules\ethers\src.ts\utils\maths.ts:100:27)
      at NumberCoder.encode (node_modules\ethers\src.ts\abi\coders\number.ts:36:30)
      at C:\Users\amir2\Desktop\realyx\node_modules\ethers\src.ts\abi\coders\array.ts:64:19
      at Array.forEach (<anonymous>)
      at pack (node_modules\ethers\src.ts\abi\coders\array.ts:47:12)
      at TupleCoder.encode (node_modules\ethers\src.ts\abi\coders\tuple.ts:62:20)
      at AbiCoder.encode (node_modules\ethers\src.ts\abi\abi-coder.ts:195:15)



