

  Comprehensive Coverage - Core Contracts
    DividendManager Coverage
Mocking USDC...
MockUSDC deployed at: 0x5FbDB2315678afecb367f032d93F642f64180aa3
Searching for MockPyth factory...
Deploying MockPyth...
MockPyth deployed at: 0xe7f1725E7734CE288F8367e1Bb143E90bb3F0512
Deploying MarketCalendar...
      1) should exercise all branches in settleDividends and getUnsettledDividends
    OracleAggregator Coverage
Mocking USDC...
MockUSDC deployed at: 0x809d550fca64d94Bd9F66E60752A544199cfAC3D
Searching for MockPyth factory...
Deploying MockPyth...
MockPyth deployed at: 0x4c5859f0F772848b2D91F1D83E2Fe57935348029
Deploying MarketCalendar...
      Γ£ö should exercise _normalizePythPrice division and _recordPrice
    PositionToken Coverage
Mocking USDC...
MockUSDC deployed at: 0x5c74c94173F05dA1720953407cbb920F3DF9f887
Searching for MockPyth factory...
Deploying MockPyth...
MockPyth deployed at: 0x720472c8ce72c2A2D711333e064ABD3E6BbEAdd3
Deploying MarketCalendar...
      2) should exercise metadata and unauthorized mint
    TradingCore Coverage
Mocking USDC...
MockUSDC deployed at: 0xfcDB4564c18A9134002b9771816092C9693622e3
Searching for MockPyth factory...
Deploying MockPyth...
MockPyth deployed at: 0x927b167526bAbB9be047421db732C663a0b77B11
Deploying MarketCalendar...
      3) should exercise setParams, cleanupPositions and resolveFailedRepayment


  1 passing (2s)
  3 failing

  1) Comprehensive Coverage - Core Contracts
       DividendManager Coverage
         should exercise all branches in settleDividends and getUnsettledDividends:
     Error: VM Exception while processing transaction: reverted with custom error 'DividendTooLarge()'
    at DividendManager.distributeDividend (contracts/core/DividendManager.sol:55)
    at EdrProviderWrapper.request (node_modules\hardhat\src\internal\hardhat-network\provider\provider.ts:453:41)
    at async HardhatEthersSigner.sendTransaction (node_modules\@nomicfoundation\hardhat-ethers\src\signers.ts:185:18)
    at async send (node_modules\ethers\src.ts\contract\contract.ts:313:20)
    at async Proxy.distributeDividend (node_modules\ethers\src.ts\contract\contract.ts:352:16)
    at async Context.<anonymous> (test\ComprehensiveCoverage.test.ts:33:13)
  

  2) Comprehensive Coverage - Core Contracts
       PositionToken Coverage
         should exercise metadata and unauthorized mint:

      AssertionError: expected 'RWA' to equal 'Realyx Position NFT'
      + expected - actual

      -RWA
      +Realyx Position NFT
      
      at Context.<anonymous> (test\ComprehensiveCoverage.test.ts:69:55)

  3) Comprehensive Coverage - Core Contracts
       TradingCore Coverage
         should exercise setParams, cleanupPositions and resolveFailedRepayment:
     Error: VM Exception while processing transaction: reverted with custom error 'InvalidSource()'
    at OracleAggregator._getPriceView (contracts/core/OracleAggregator.sol:182)
    at OracleAggregator.getPriceWithConfidence (contracts/core/OracleAggregator.sol:222)
    at TradingLib.executeOrderFull (contracts/libraries/TradingLib.sol:508)
    at TradingCore.executeOrder (contracts/core/TradingCore.sol:386)
    at EdrProviderWrapper.request (node_modules\hardhat\src\internal\hardhat-network\provider\provider.ts:453:41)
    at async HardhatEthersSigner.sendTransaction (node_modules\@nomicfoundation\hardhat-ethers\src\signers.ts:185:18)
    at async send (node_modules\ethers\src.ts\contract\contract.ts:313:20)
    at async Proxy.executeOrder (node_modules\ethers\src.ts\contract\contract.ts:352:16)
    at async Context.<anonymous> (test\ComprehensiveCoverage.test.ts:92:13)
  



